[15-Mar-2019 20:50:09 Europe/Moscow] PHP Warning:  filectime(): stat failed for contentabout.inc.php in D:\OpenServer\domains\easysite\app\func.inc.php on line 310
[15-Mar-2019 20:50:09 Europe/Moscow] PHP Warning:  filectime(): stat failed for contentblocks.inc.php in D:\OpenServer\domains\easysite\app\func.inc.php on line 310
[15-Mar-2019 20:50:09 Europe/Moscow] PHP Warning:  filectime(): stat failed for contentconfig.inc.php in D:\OpenServer\domains\easysite\app\func.inc.php on line 310
[15-Mar-2019 20:50:09 Europe/Moscow] PHP Warning:  filectime(): stat failed for contentcontact.inc.php in D:\OpenServer\domains\easysite\app\func.inc.php on line 310
[15-Mar-2019 20:50:09 Europe/Moscow] PHP Warning:  filectime(): stat failed for contentcontents.inc.php in D:\OpenServer\domains\easysite\app\func.inc.php on line 310
[15-Mar-2019 20:50:09 Europe/Moscow] PHP Warning:  filectime(): stat failed for contentdesign.inc.php in D:\OpenServer\domains\easysite\app\func.inc.php on line 310
[15-Mar-2019 20:50:09 Europe/Moscow] PHP Warning:  filectime(): stat failed for contentdevelop.inc.php in D:\OpenServer\domains\easysite\app\func.inc.php on line 310
[15-Mar-2019 20:50:09 Europe/Moscow] PHP Warning:  filectime(): stat failed for contentdownload.inc.php in D:\OpenServer\domains\easysite\app\func.inc.php on line 310
[15-Mar-2019 20:50:09 Europe/Moscow] PHP Warning:  filectime(): stat failed for contentfeatures.inc.php in D:\OpenServer\domains\easysite\app\func.inc.php on line 310
[15-Mar-2019 20:50:09 Europe/Moscow] PHP Warning:  filectime(): stat failed for contentfiles.inc.php in D:\OpenServer\domains\easysite\app\func.inc.php on line 310
[15-Mar-2019 20:50:09 Europe/Moscow] PHP Warning:  filectime(): stat failed for contentindex.inc.php in D:\OpenServer\domains\easysite\app\func.inc.php on line 310
[15-Mar-2019 20:50:09 Europe/Moscow] PHP Warning:  filectime(): stat failed for contentinstall.inc.php in D:\OpenServer\domains\easysite\app\func.inc.php on line 310
[15-Mar-2019 20:50:09 Europe/Moscow] PHP Warning:  filectime(): stat failed for contentmenu.inc.php in D:\OpenServer\domains\easysite\app\func.inc.php on line 310
[15-Mar-2019 20:50:09 Europe/Moscow] PHP Warning:  filectime(): stat failed for contentreason.inc.php in D:\OpenServer\domains\easysite\app\func.inc.php on line 310
[15-Mar-2019 20:50:09 Europe/Moscow] PHP Warning:  filectime(): stat failed for contentsecret in D:\OpenServer\domains\easysite\app\func.inc.php on line 310
[15-Mar-2019 20:50:09 Europe/Moscow] PHP Warning:  filectime(): stat failed for contentsecret.inc.php in D:\OpenServer\domains\easysite\app\func.inc.php on line 310
[15-Mar-2019 20:50:09 Europe/Moscow] PHP Warning:  filectime(): stat failed for contentstructure.inc.php in D:\OpenServer\domains\easysite\app\func.inc.php on line 310
[15-Mar-2019 20:50:09 Europe/Moscow] PHP Notice:  Array to string conversion in D:\OpenServer\domains\easysite\app\template\info.inc.php on line 35
[15-Mar-2019 20:53:02 Europe/Moscow] PHP Warning:  filectime(): stat failed for contentabout.inc.php in D:\OpenServer\domains\easysite\app\func.inc.php on line 314
[15-Mar-2019 20:53:02 Europe/Moscow] PHP Warning:  filectime(): stat failed for contentblocks.inc.php in D:\OpenServer\domains\easysite\app\func.inc.php on line 314
[15-Mar-2019 20:53:02 Europe/Moscow] PHP Warning:  filectime(): stat failed for contentconfig.inc.php in D:\OpenServer\domains\easysite\app\func.inc.php on line 314
[15-Mar-2019 20:53:02 Europe/Moscow] PHP Warning:  filectime(): stat failed for contentcontact.inc.php in D:\OpenServer\domains\easysite\app\func.inc.php on line 314
[15-Mar-2019 20:53:02 Europe/Moscow] PHP Warning:  filectime(): stat failed for contentcontents.inc.php in D:\OpenServer\domains\easysite\app\func.inc.php on line 314
[15-Mar-2019 20:53:02 Europe/Moscow] PHP Warning:  filectime(): stat failed for contentdesign.inc.php in D:\OpenServer\domains\easysite\app\func.inc.php on line 314
[15-Mar-2019 20:53:02 Europe/Moscow] PHP Warning:  filectime(): stat failed for contentdevelop.inc.php in D:\OpenServer\domains\easysite\app\func.inc.php on line 314
[15-Mar-2019 20:53:02 Europe/Moscow] PHP Warning:  filectime(): stat failed for contentdownload.inc.php in D:\OpenServer\domains\easysite\app\func.inc.php on line 314
[15-Mar-2019 20:53:02 Europe/Moscow] PHP Warning:  filectime(): stat failed for contentfeatures.inc.php in D:\OpenServer\domains\easysite\app\func.inc.php on line 314
[15-Mar-2019 20:53:02 Europe/Moscow] PHP Warning:  filectime(): stat failed for contentfiles.inc.php in D:\OpenServer\domains\easysite\app\func.inc.php on line 314
[15-Mar-2019 20:53:02 Europe/Moscow] PHP Warning:  filectime(): stat failed for contentindex.inc.php in D:\OpenServer\domains\easysite\app\func.inc.php on line 314
[15-Mar-2019 20:53:02 Europe/Moscow] PHP Warning:  filectime(): stat failed for contentinstall.inc.php in D:\OpenServer\domains\easysite\app\func.inc.php on line 314
[15-Mar-2019 20:53:02 Europe/Moscow] PHP Warning:  filectime(): stat failed for contentmenu.inc.php in D:\OpenServer\domains\easysite\app\func.inc.php on line 314
[15-Mar-2019 20:53:02 Europe/Moscow] PHP Warning:  filectime(): stat failed for contentreason.inc.php in D:\OpenServer\domains\easysite\app\func.inc.php on line 314
[15-Mar-2019 20:53:02 Europe/Moscow] PHP Warning:  filectime(): stat failed for contentsecret in D:\OpenServer\domains\easysite\app\func.inc.php on line 314
[15-Mar-2019 20:53:02 Europe/Moscow] PHP Warning:  filectime(): stat failed for contentsecret.inc.php in D:\OpenServer\domains\easysite\app\func.inc.php on line 314
[15-Mar-2019 20:53:02 Europe/Moscow] PHP Warning:  filectime(): stat failed for contentstructure.inc.php in D:\OpenServer\domains\easysite\app\func.inc.php on line 314
[15-Mar-2019 20:53:02 Europe/Moscow] PHP Notice:  Array to string conversion in D:\OpenServer\domains\easysite\app\template\info.inc.php on line 35
[15-Mar-2019 21:05:04 Europe/Moscow] PHP Parse error:  syntax error, unexpected ''</p>;' (T_ENCAPSED_AND_WHITESPACE) in D:\OpenServer\domains\easysite\app\func.inc.php on line 336
[15-Mar-2019 21:07:35 Europe/Moscow] PHP Notice:  Undefined variable: dir in D:\OpenServer\domains\easysite\app\func.inc.php on line 307
[15-Mar-2019 21:07:35 Europe/Moscow] PHP Notice:  Undefined variable: dir in D:\OpenServer\domains\easysite\app\func.inc.php on line 307
[15-Mar-2019 21:07:35 Europe/Moscow] PHP Notice:  Undefined variable: dir in D:\OpenServer\domains\easysite\app\func.inc.php on line 307
[15-Mar-2019 21:07:35 Europe/Moscow] PHP Notice:  Undefined variable: dir in D:\OpenServer\domains\easysite\app\func.inc.php on line 307
[15-Mar-2019 21:07:35 Europe/Moscow] PHP Notice:  Undefined variable: dir in D:\OpenServer\domains\easysite\app\func.inc.php on line 307
[15-Mar-2019 21:07:35 Europe/Moscow] PHP Notice:  Undefined variable: dir in D:\OpenServer\domains\easysite\app\func.inc.php on line 307
[15-Mar-2019 21:07:35 Europe/Moscow] PHP Notice:  Undefined variable: dir in D:\OpenServer\domains\easysite\app\func.inc.php on line 307
[15-Mar-2019 21:07:35 Europe/Moscow] PHP Notice:  Undefined variable: dir in D:\OpenServer\domains\easysite\app\func.inc.php on line 307
[15-Mar-2019 21:07:35 Europe/Moscow] PHP Notice:  Undefined variable: dir in D:\OpenServer\domains\easysite\app\func.inc.php on line 307
[15-Mar-2019 21:07:35 Europe/Moscow] PHP Notice:  Undefined variable: dir in D:\OpenServer\domains\easysite\app\func.inc.php on line 307
[15-Mar-2019 21:07:35 Europe/Moscow] PHP Notice:  Undefined variable: dir in D:\OpenServer\domains\easysite\app\func.inc.php on line 307
[15-Mar-2019 21:07:35 Europe/Moscow] PHP Notice:  Undefined variable: dir in D:\OpenServer\domains\easysite\app\func.inc.php on line 307
[15-Mar-2019 21:07:35 Europe/Moscow] PHP Notice:  Undefined variable: dir in D:\OpenServer\domains\easysite\app\func.inc.php on line 307
[15-Mar-2019 21:07:35 Europe/Moscow] PHP Notice:  Undefined variable: dir in D:\OpenServer\domains\easysite\app\func.inc.php on line 307
[15-Mar-2019 21:07:35 Europe/Moscow] PHP Notice:  Undefined variable: dir in D:\OpenServer\domains\easysite\app\func.inc.php on line 307
[15-Mar-2019 21:07:35 Europe/Moscow] PHP Notice:  Undefined variable: dir in D:\OpenServer\domains\easysite\app\func.inc.php on line 307
